 
Ansys Electronics Desktop Version 2024.2.0, Build: 2024-05-23 02:23:50
Location: C:\Program Files\AnsysEM\v242\Win64\ansysedt.exe
Batch Script: D:/SwitchTec/SST/AUX_design/LLC_design/Flyback/build_flyback_d20_series_secondary.py
Starting Batch Run: 2:40:56 PM  Sep 12, 2026
Running as user : HZZH\alexshi
Temp directory: C:\Users\alexshi\AppData\Local\Temp
Project directory: C:\Users\alexshi\Documents\Ansoft
[info] Project:Project1, Design:Flyback_36_3_2_SquarePot_D20_Core43_SeriesSecondary_100kHz (EddyCurrent), Verify conduction path: Conduction path validate success. (02:41:12 PM  Sep 12, 2026)
[error] Parts Secondary_L6_1T and Core_Lower intersect.
[info] Verify conduction path: Conduction path validate success.
[error] RuntimeException: AEDT validation failed; inspect the validation log
In file "D:/SwitchTec/SST/AUX_design/LLC_design/Flyback/build_flyback_d20_series_secondary.py", line 357 ---- While executing script: D:/SwitchTec/SST/AUX_design/LLC_design/Flyback/build_flyback_d20_series_secondary.py
Stopping Batch Run: 2:41:16 PM  Sep 12, 2026
 
Ansys Electronics Desktop Version 2024.2.0, Build: 2024-05-23 02:23:50
Location: C:\Program Files\AnsysEM\v242\Win64\ansysedt.exe
Batch Script: D:/SwitchTec/SST/AUX_design/LLC_design/Flyback/build_flyback_d20_series_secondary.py
Starting Batch Run: 2:43:31 PM  Sep 12, 2026
Running as user : HZZH\alexshi
Temp directory: C:\Users\alexshi\AppData\Local\Temp
Project directory: C:\Users\alexshi\Documents\Ansoft
[info] Project:Project1, Design:Flyback_36_3_2_SquarePot_D20_Core43_SeriesSecondary_100kHz (EddyCurrent), Verify conduction path: Conduction path validate success. (02:43:46 PM  Sep 12, 2026)
[info] Verify conduction path: Conduction path validate success.
Stopping Batch Run: 2:43:50 PM  Sep 12, 2026
 
Ansys Electronics Desktop Version 2024.2.0, Build: 2024-05-23 02:23:50
Location: C:\Program Files\AnsysEM\v242\Win64\ansysedt.exe
Batch Script: D:/SwitchTec/SST/AUX_design/LLC_design/Flyback/build_flyback_d20_series_secondary.py
Starting Batch Run: 3:06:11 PM  Sep 12, 2026
Running as user : HZZH\alexshi
Temp directory: C:\Users\alexshi\AppData\Local\Temp
Project directory: C:\Users\alexshi\Documents\Ansoft
[info] Project:Project1, Design:Flyback_36_3_2_SquarePot_D20_Core43_SeriesSecondary_100kHz (EddyCurrent), Verify conduction path: Conduction path validate success. (03:06:26 PM  Sep 12, 2026)
[info] Verify conduction path: Conduction path validate success.
Stopping Batch Run: 3:06:30 PM  Sep 12, 2026
 
Ansys Electronics Desktop Version 2024.2.0, Build: 2024-05-23 02:23:50
Location: C:\Program Files\AnsysEM\v242\Win64\ansysedt.exe
Batch Script: D:/SwitchTec/SST/AUX_design/LLC_design/Flyback/build_flyback_d20_series_secondary.py
Starting Batch Run: 3:54:37 PM  Sep 12, 2026
Running as user : HZZH\alexshi
Temp directory: C:\Users\alexshi\AppData\Local\Temp
Project directory: C:\Users\alexshi\Documents\Ansoft
[info] Project:Project1, Design:Flyback_36_3_2_SquarePot_D20_Core43_SeriesSecondary_100kHz (EddyCurrent), Verify conduction path: Conduction path validate success. (03:54:52 PM  Sep 12, 2026)
[info] Verify conduction path: Conduction path validate success.
Stopping Batch Run: 3:54:56 PM  Sep 12, 2026
