 
Ansys Electronics Desktop Version 2024.2.0, Build: 2024-05-23 02:23:50
Location: C:\Program Files\AnsysEM\v242\Win64\ansysedt.exe
Batch Script: D:/SwitchTec/SST/AUX_design/LLC_design/Flyback/build_flyback_pot_parametric_rings.py
Starting Batch Run: 9:07:31 AM  Sep 12, 2026
Running as user : HZZH\alexshi
Temp directory: C:\Users\alexshi\AppData\Local\Temp
Project directory: C:\Users\alexshi\Documents\Ansoft
[error] Project:Project1, Design:Flyback_Pot_Parametric_SeparateRings (EddyCurrent), Body could not be created for part because of invalid parameters to SweepAroundAxis operation. (09:07:41 AM  Sep 12, 2026)
[error] Project:Project1, Design:Flyback_Pot_Parametric_SeparateRings (EddyCurrent), Body could not be created for part because of invalid parameters to SweepAroundAxis operation. (09:07:41 AM  Sep 12, 2026)
[error] Project:Project1, Design:Flyback_Pot_Parametric_SeparateRings (EddyCurrent), Body could not be created for part because of invalid parameters to SweepAroundAxis operation. (09:07:41 AM  Sep 12, 2026)
[error] Project:Project1, Design:Flyback_Pot_Parametric_SeparateRings (EddyCurrent), Body could not be created for part because of invalid parameters to SweepAroundAxis operation. (09:07:41 AM  Sep 12, 2026)
[error] Project:Project1, Design:Flyback_Pot_Parametric_SeparateRings (EddyCurrent), Body could not be created for part because of invalid parameters to SweepAroundAxis operation. (09:07:41 AM  Sep 12, 2026)
Stopping Batch Run: 9:07:41 AM  Sep 12, 2026
 
Ansys Electronics Desktop Version 2024.2.0, Build: 2024-05-23 02:23:50
Location: C:\Program Files\AnsysEM\v242\Win64\ansysedt.exe
Batch Script: D:/SwitchTec/SST/AUX_design/LLC_design/Flyback/build_flyback_pot_parametric_rings.py
Starting Batch Run: 9:08:38 AM  Sep 12, 2026
Running as user : HZZH\alexshi
Temp directory: C:\Users\alexshi\AppData\Local\Temp
Project directory: C:\Users\alexshi\Documents\Ansoft
Stopping Batch Run: 9:08:50 AM  Sep 12, 2026
