 
Ansys Electronics Desktop Version 2024.2.0, Build: 2024-05-23 02:23:50
Location: C:\Program Files\AnsysEM\v242\Win64\ansysedt.exe
Batch Script: D:/SwitchTec/SST/AUX_design/LLC_design/Flyback/build_flyback_d20_uniform_primary.py
Starting Batch Run: 12:45:03 PM  Sep 12, 2026
Running as user : HZZH\alexshi
Temp directory: C:\Users\alexshi\AppData\Local\Temp
Project directory: C:\Users\alexshi\Documents\Ansoft
[info] Project:Project1, Design:Flyback_36_3_2_SquarePot_D20_Core43_UniformPrimary_100kHz (EddyCurrent), Verify conduction path: Conduction path validate success. (12:45:18 PM  Sep 12, 2026)
[error] Parts Primary_L2_18T and Core_Upper intersect.
[info] Verify conduction path: Conduction path validate success.
[error] RuntimeException: AEDT validation failed; inspect validation.log
In file "D:/SwitchTec/SST/AUX_design/LLC_design/Flyback/build_flyback_d20_uniform_primary.py", line 290 ---- While executing script: D:/SwitchTec/SST/AUX_design/LLC_design/Flyback/build_flyback_d20_uniform_primary.py
Stopping Batch Run: 12:45:22 PM  Sep 12, 2026
 
Ansys Electronics Desktop Version 2024.2.0, Build: 2024-05-23 02:23:50
Location: C:\Program Files\AnsysEM\v242\Win64\ansysedt.exe
Batch Script: D:/SwitchTec/SST/AUX_design/LLC_design/Flyback/build_flyback_d20_uniform_primary.py
Starting Batch Run: 12:46:12 PM  Sep 12, 2026
Running as user : HZZH\alexshi
Temp directory: C:\Users\alexshi\AppData\Local\Temp
Project directory: C:\Users\alexshi\Documents\Ansoft
[info] Project:Project1, Design:Flyback_36_3_2_SquarePot_D20_Core43_UniformPrimary_100kHz (EddyCurrent), Verify conduction path: Conduction path validate success. (12:46:27 PM  Sep 12, 2026)
[info] Verify conduction path: Conduction path validate success.
Stopping Batch Run: 12:46:31 PM  Sep 12, 2026
