 
Ansys Electronics Desktop Version 2024.2.0, Build: 2024-05-23 02:23:50
Location: C:\Program Files\AnsysEM\v242\Win64\ansysedt.exe
Batch Script: D:/SwitchTec/SST/AUX_design/LLC_design/Flyback/build_flyback_scheme_c_aedt.py
Starting Batch Run: 2:21:29 PM  Sep 06, 2026
Running as user : HZZH\alexshi
Temp directory: C:\Users\alexshi\AppData\Local\Temp
Project directory: C:\Users\alexshi\Documents\Ansoft
Stopping Batch Run: 2:21:40 PM  Sep 06, 2026
 
Ansys Electronics Desktop Version 2024.2.0, Build: 2024-05-23 02:23:50
Location: C:\Program Files\AnsysEM\v242\Win64\ansysedt.exe
Batch Script: D:/SwitchTec/SST/AUX_design/LLC_design/Flyback/build_flyback_scheme_c_aedt.py
Starting Batch Run: 2:30:50 PM  Sep 06, 2026
Running as user : HZZH\alexshi
Temp directory: C:\Users\alexshi\AppData\Local\Temp
Project directory: C:\Users\alexshi\Documents\Ansoft
Stopping Batch Run: 2:31:01 PM  Sep 06, 2026
 
Ansys Electronics Desktop Version 2024.2.0, Build: 2024-05-23 02:23:50
Location: C:\Program Files\AnsysEM\v242\Win64\ansysedt.exe
Batch Script: D:/SwitchTec/SST/AUX_design/LLC_design/Flyback/build_flyback_scheme_c_aedt.py
Starting Batch Run: 2:45:40 PM  Sep 06, 2026
Running as user : ZH503369\CodexSandboxOffline
[error] Unable to detect installed products. Please make sure that config/admin.xml exists in your installation directory and is syntactically correct.
[Exiting application]
[error] Unable to detect installed products. Please make sure that config/admin.xml exists in your installation directory and is syntactically correct.
 
Ansys Electronics Desktop Version 2024.2.0, Build: 2024-05-23 02:23:50
Location: C:\Program Files\AnsysEM\v242\Win64\ansysedt.exe
Batch Script: D:/SwitchTec/SST/AUX_design/LLC_design/Flyback/build_flyback_scheme_c_aedt.py
Starting Batch Run: 2:46:16 PM  Sep 06, 2026
Running as user : HZZH\alexshi
Temp directory: C:\Users\alexshi\AppData\Local\Temp
Project directory: C:\Users\alexshi\Documents\Ansoft
Stopping Batch Run: 2:46:28 PM  Sep 06, 2026
 
Ansys Electronics Desktop Version 2024.2.0, Build: 2024-05-23 02:23:50
Location: C:\Program Files\AnsysEM\v242\Win64\ansysedt.exe
Batch Script: D:/SwitchTec/SST/AUX_design/LLC_design/Flyback/build_flyback_scheme_c_aedt.py
Starting Batch Run: 2:50:25 PM  Sep 06, 2026
Running as user : HZZH\alexshi
Temp directory: C:\Users\alexshi\AppData\Local\Temp
Project directory: C:\Users\alexshi\Documents\Ansoft
Stopping Batch Run: 2:50:36 PM  Sep 06, 2026
 
Ansys Electronics Desktop Version 2024.2.0, Build: 2024-05-23 02:23:50
Location: C:\Program Files\AnsysEM\v242\Win64\ansysedt.exe
Batch Script: D:/SwitchTec/SST/AUX_design/LLC_design/Flyback/build_flyback_scheme_c_aedt.py
Starting Batch Run: 12:57:27 PM  Sep 09, 2026
Running as user : ZH503369\CodexSandboxOffline
[error] Unable to detect installed products. Please make sure that config/admin.xml exists in your installation directory and is syntactically correct.
[Exiting application]
[error] Unable to detect installed products. Please make sure that config/admin.xml exists in your installation directory and is syntactically correct.
 
Ansys Electronics Desktop Version 2024.2.0, Build: 2024-05-23 02:23:50
Location: C:\Program Files\AnsysEM\v242\Win64\ansysedt.exe
Batch Script: D:/SwitchTec/SST/AUX_design/LLC_design/Flyback/build_flyback_scheme_c_aedt.py
Starting Batch Run: 12:57:46 PM  Sep 09, 2026
Running as user : HZZH\alexshi
Temp directory: C:\Users\alexshi\AppData\Local\Temp
Project directory: C:\Users\alexshi\Documents\Ansoft
Stopping Batch Run: 12:57:58 PM  Sep 09, 2026
 
Ansys Electronics Desktop Version 2024.2.0, Build: 2024-05-23 02:23:50
Location: C:\Program Files\AnsysEM\v242\Win64\ansysedt.exe
Batch Script: D:/SwitchTec/SST/AUX_design/LLC_design/Flyback/build_flyback_scheme_c_aedt.py
Starting Batch Run: 12:59:09 PM  Sep 09, 2026
Running as user : HZZH\alexshi
Temp directory: C:\Users\alexshi\AppData\Local\Temp
Project directory: C:\Users\alexshi\Documents\Ansoft
Stopping Batch Run: 12:59:21 PM  Sep 09, 2026
