 
Ansys Electronics Desktop Version 2024.2.0, Build: 2024-05-23 02:23:50
Location: C:\Program Files\AnsysEM\v242\Win64\ansysedt.exe
Batch Script: D:/SwitchTec/SST/AUX_design/LLC_design/LLC/_build_llc_rectangular_7x14_via_clearance3p6_geometry.py
Starting Batch Run: 5:07:09 PM  Sep 10, 2026
Running as user : HZZH\alexshi
Temp directory: C:\Users\alexshi\AppData\Local\Temp
Project directory: C:\Users\alexshi\Documents\Ansoft
-- Message Window --
      *Global - Messages
        [error] Error in command execution
        [error] Exception: CreatePolyline(Structured Array argParamters, Structured Array argAttributes) -> string(IronPython.Runtime.List,IronPython.Runtime.List) - call failed. Logs or message window might have more details  In file "D:/SwitchTec/SST/AUX_design/LLC_design/LLC/_build_llc_rectangular_7x14_via_clearance3p6_geometry.py", line 262 ---- While executing script: D:/SwitchTec/SST/AUX_design/LLC_design/LLC/_build_llc_rectangular_7x14_via_clearance3p6_geometry.py
      Project1 (C:/Users/alexshi/Documents/Ansoft/)
        LLC_Transformer_800kHz (EddyCurrent)
          [error] Parasolid Error: Failed in function PK_CURVE_make_wire_body_2 with error PK_ERROR_crossing_edge.  (05:07:21 PM  Sep 10, 2026)
          [error] Body could not be created for part because of invalid parameters to CreatePolyline operation. (05:07:21 PM  Sep 10, 2026)
          [error] Script macro error: Command execution error, please see details in message window. (05:07:21 PM  Sep 10, 2026)
-- Message Window --
Stopping Batch Run: 5:07:22 PM  Sep 10, 2026
 
Ansys Electronics Desktop Version 2024.2.0, Build: 2024-05-23 02:23:50
Location: C:\Program Files\AnsysEM\v242\Win64\ansysedt.exe
Batch Script: D:/SwitchTec/SST/AUX_design/LLC_design/LLC/_build_llc_rectangular_7x14_via_clearance3p6_geometry.py
Starting Batch Run: 5:08:19 PM  Sep 10, 2026
Running as user : HZZH\alexshi
Temp directory: C:\Users\alexshi\AppData\Local\Temp
Project directory: C:\Users\alexshi\Documents\Ansoft
-- Message Window --
      LLC_Rectangular_7x14_ViaClearance3p6_Geometry (D:/SwitchTec/SST/AUX_design/LLC_design/LLC/output/)
        LLC_Transformer_800kHz (EddyCurrent)
          [info] Accurate transparency rendering is disabled to avoid slow rendering performance. (05:08:32 PM  Sep 10, 2026)
-- Message Window --
Stopping Batch Run: 5:08:41 PM  Sep 10, 2026
